***********************************************************
* MODIFICATIONS:
* 072312 - RLM01 - Sysaid #3073 - Replace former employees' email addresses with those of current employees
*
      CRT @(0,0):@(-1):
      PROG.NAME='CREATE.FB.DARLING.FRT.RPT'
      COMMAND=@SENTENCE
      IF FIELD(COMMAND,' ',1)='RUN' THEN
         OPTIONS=FIELD(COMMAND,' ',4,99)
      END ELSE
         OPTIONS=FIELD(COMMAND,' ',2,99)
      END
      EST.OPT=0
      IF INDEX(OPTIONS,'ESTIMATE',1) THEN
         EST.OPT=1
      END
      CALL GET.USER(USER)
      CALL CHANNEL(CH.NUM)
      TODAY=DATE()
      TODAY=ICONV('04/30/10','D')
      FNAME='BILLDATA.':USER
      EST.ID='Darling_Estimate_Report.xls'
      INV.ID='Darling_Paid_Report.xls'
      ACC.ID='Darling_Accrual_Report.xls'
      OPEN '',FNAME TO F.BILLDATA ELSE
         CALL OPEN.ABORT(FNAME,PROG.NAME)
      END
      FNAME='FB.DARLING.FRT.DATA'
      OPEN '',FNAME TO F.DATA ELSE
         CALL OPEN.ABORT(FNAME,PROG.NAME)
      END
      OPEN 'DICT',FNAME TO D.DATA ELSE
         CALL OPEN.ABORT(FNAME,PROG.NAME)
      END
      FNAME='CLIENTS'
      OPEN '',FNAME TO F.CLIENTS ELSE
         CALL OPEN.ABORT(FNAME,PROG.NAME)
      END
      FNAME='SCAC.XREF'
      OPEN '',FNAME TO F.SCAC.XREF ELSE
         CALL OPEN.ABORT(FNAME,PROG.NAME)
      END
      FNAME='ZIPS.CODES'
      OPEN '',FNAME TO F.ZIPS ELSE
         CALL OPEN.ABORT(FNAME,PROG.NAME)
      END
      FNAME='CAN.ZIP.CODES'
      OPEN '',FNAME TO F.CAN.ZIPS ELSE
         CALL OPEN.ABORT(FNAME,PROG.NAME)
      END
      FNAME='&SAVEDLISTS&'
      OPEN '',FNAME TO F.SL ELSE
         CALL OPEN.ABORT(FNAME,PROG.NAME)
      END
      FNAME='FB.BILLS.CRX'
      OPEN '',FNAME TO F.CRX ELSE
         CALL OPEN.ABORT(FNAME,PROG.NAME)
      END
      FNAME='AR.BRIDGE.LAST'
      OPEN '',FNAME TO F.BRIDGE ELSE
         CALL OPEN.ABORT(FNAME,PROG.NAME)
      END
      FNAME='FB.PRO.XREF'
      OPEN '',FNAME TO F.PRO.XREF ELSE
         CALL OPEN.ABORT(FNAME,PROG.NAME)
      END
      OPEN '','CARRIERS' TO F.CARRIERS ELSE
         ERROR = "CANNOT OPEN FILE CARRIERS"
         GO 9000
      END
      OPEN '','FB.NFSC' TO F.NFSC ELSE
         ERROR = "CANNOT OPEN FILE FB.NFSC"
         GO 9000
      END
      OPEN '','PCIN' TO F.PCIN ELSE
         ERROR = "CANNOT OPEN FILE PCIN"
         GO 9000
      END
      OPEN '','PCOUT' TO F.PCOUT ELSE
         ERROR = "CANNOT OPEN FILE PCOUT"
         GO 9000
      END
      OPEN '','FB.TABLES' TO F.TABLES ELSE
         ERROR = "CANNOT OPEN FILE FB.TABLES"
         GO 9000
      END
      TB=CHAR(9)
      MISS.ZIP=''
      READ IMPORT.REC FROM F.BILLDATA,'Darling_Shipment_file.xls' ELSE IMPORT.REC=''
      IMPORT.REC=CHANGE(IMPORT.REC,TB,@VM)
      IMPORT.REC<1,18>='Est. Amount'
      IMPORT.REC<1,19>='Est. Report Date'
      IMPORT.REC<1,20>='Act. Amount'
      IMPORT.REC<1,21>='Act. Report Date'
      IMPORT.REC<1,22>='Exceptions'
      EXPORT.INV.REC=IMPORT.REC<1>
      EXPORT.ACC.REC=IMPORT.REC<1>
      IF EST.OPT THEN
         EXPORT.EST.REC=IMPORT.REC<1>
      END
      EVAL.STMT='SSELECT FB.DARLING.FRT.DATA BY 15'
      EXECUTE EVAL.STMT RTNLIST DATA.LIST CAPTURING EVAL.RESULTS
      EVAL.NCNT=@SELECTED
      IF EVAL.NCNT>0 THEN
         EVAL.EOF=0
         EVAL.CNT=0
         LOOP
            READNEXT DATA.ID FROM DATA.LIST ELSE EVAL.EOF=1
         UNTIL EVAL.EOF DO
            EVAL.CNT+=1
            CALL PROG.BAR(22,EVAL.CNT,EVAL.NCNT,PER)
            READ DATA.REC FROM F.DATA,DATA.ID THEN
               DATA.ORG=DATA.REC
               NVAL=DCOUNT(DATA.REC<27>,@VM)
               FOR VAL=1 TO NVAL
                  SHIP_TO=DATA.REC<8>    ; * Consignee Name
                  ADDR_1=DATA.REC<9>     ; * Consignee Address Line 1
                  ADDR_2=DATA.REC<10>    ; * Consignee Address Line 2
                  ADDR_3=''
                  ZIP=DATA.REC<14>       ; * Consignee Postal Code
                  SHIPDATE=DATA.REC<15>  ; * Date of Shipment
                  WT_ALL_CLS=DATA.REC<16>          ; * Total weight of shipment as tendered
                  NO_BOXES=''
                  CLASS_CODE=''
                  BOL_NO=DATA.REC<18>    ; * Shipper Number FOR Shipment
                  PRO_NO=DATA.REC<21>    ; * Carrier Pro Number for shipment
                  SHIP_FROM=DATA.REC<22>           ; * Code for the responsible shipping location
                  CONDITION=DATA.REC<23>           ; * Billing Status
                  CLASS_RATE=DATA.REC<27,VAL>      ; * NMFC Assigned
                  WT_FOR_CLS=DATA.REC<28,VAL>      ; * Associated Weights for Classes
                  CLIENT.ID=DATA.REC<33>           ; * AFS Client ID
                  SCAC=DATA.REC<34>      ; * Carrier SCAC
                  CARRIER.ID=DATA.REC<35>          ; * AFS Carrier ID
                  READ CARRIER.REC FROM F.CARRIERS,CARRIER.ID ELSE CARRIER.REC=''
                  CARRIER.NAME=CARRIER.REC<1>
                  IMPORT.LINE=''
                  IMPORT.LINE<1,1>=SHIP_FROM
                  IMPORT.LINE<1,2>=SHIPDATE'D4/'
                  IMPORT.LINE<1,3>=BOL_NO
                  IMPORT.LINE<1,4>=PRO_NO
                  IMPORT.LINE<1,5>=SHIP_TO
                  IMPORT.LINE<1,6>=ADDR_1
                  IMPORT.LINE<1,7>=ADDR_2
                  IMPORT.LINE<1,8>=ADDR_3
                  IMPORT.LINE<1,9>=ZIP
                  IMPORT.LINE<1,10>=CARRIER.NAME
                  IMPORT.LINE<1,11>=CONDITION
                  IMPORT.LINE<1,12>=WT_ALL_CLS
                  IMPORT.LINE<1,13>=NO_BOXES
                  IMPORT.LINE<1,14>=CLASS_CODE
                  IMPORT.LINE<1,15>=CLASS_RATE
                  IMPORT.LINE<1,16>=WT_FOR_CLS
                  IF DATA.REC<36>#'' THEN
                     NXTATT=DCOUNT(EXPORT.INV.REC,@AM)+1
                     EXPORT.INV.REC<NXTATT>=IMPORT.LINE
                     IF SCAC#'' THEN
                        EXPORT.INV.REC<NXTATT,17>=SCAC
                     END
                     EXPORT.INV.REC<NXTATT,20>=DATA.REC<37,VAL>'R26'
                     EXPORT.INV.REC<NXTATT,21>=DATA.REC<40>'D4/'
                     EXPORT.INV.REC<NXTATT,22>=''
                  END ELSE
                     NXTATT=DCOUNT(EXPORT.ACC.REC,@AM)+1
                     EXPORT.ACC.REC<NXTATT>=IMPORT.LINE
                     IF SCAC#'' THEN
                        EXPORT.ACC.REC<NXTATT,17>=SCAC
                     END
                     EXPORT.ACC.REC<NXTATT,18>=DATA.REC<44,VAL>'R26'
                     EXPORT.ACC.REC<NXTATT,19>=DATA.REC<48> 'D4/'
                     EXPORT.ACC.REC<NXTATT,22>=DATA.REC<47>
                     IF EST.OPT THEN
                        IF DATA.REC<48>='' THEN
                           NXTATT=DCOUNT(EXPORT.EST.REC,@AM)+1
                           EXPORT.EST.REC<NXTATT>=IMPORT.LINE
                           IF SCAC#'' THEN
                              EXPORT.EST.REC<NXTATT,17>=SCAC
                           END
                           EXPORT.EST.REC<NXTATT,18>=DATA.REC<44,VAL>'R26'
                           EXPORT.EST.REC<NXTATT,19>=DATA.REC<48> 'D4/'
                           EXPORT.EST.REC<NXTATT,22>=DATA.REC<47>
                        END
                     END
                  END
               NEXT VAL
SKIP.REC: *
            END
         REPEAT
      END
      IF EST.OPT THEN
         EXPORT.EST.REC=CHANGE(EXPORT.EST.REC,@VM,TB)
         WRITE EXPORT.EST.REC ON F.BILLDATA,EST.ID
         FILEPATH="E:\Ardent\public\BillData\":USER:"\"
         FILENAME=FILEPATH:EST.ID
         EMAIL.IN=''
         EMAIL.IN<1,-1>='WPardue@afs.net'
         EMAIL.IN<2,-1>='AGrubbs@afs.net'
         EMAIL.IN<2,-1>='TSchneider@afs.net'
*        EMAIL.IN<2,-1>='OHolman@afs.net'   ; * RLM01
         EMAIL.IN<2,-1>='BFranklin@afs.net' ; * RLM01
         EMAIL.IN<3,-1>='MKerbow@afs.net'
         EMAIL.IN<4>='CREATE.FB.DARLING.FRT.RPT@afs.net'
         EMAIL.IN<5>='Darling Accrual Estimate File'
         EMAIL.IN<6>='Please find attached the estimate file for Darling.'
         EMAIL.IN<6>:='  Please fill in the missing charges so we can add these to the Accrual Report and advise.'
         EMAIL.IN<7>=1
         EMAIL.IN<11>=FILENAME
         EMAIL.OUT=''
*        CALL SENDMAIL(EMAIL.IN,EMAIL.OUT)
      END ELSE
         EXPORT.INV.REC=CHANGE(EXPORT.INV.REC,@VM,TB)
         WRITE EXPORT.INV.REC ON F.BILLDATA,'Darling_Paid_Report.xls'
         EXPORT.ACC.REC=CHANGE(EXPORT.ACC.REC,@VM,TB)
         WRITE EXPORT.ACC.REC ON F.BILLDATA,'Darling_Accrual_Report.xls'
      END
9000: *
      END
