      CALL GET.USER(USER)
      OPEN '','BILLDATA.':USER TO F.BILLDATA ELSE
         CALL OPEN.ABORT('BILLDATA.':USER,'FB.UPS.CALL.REPORT')
      END
      OPEN '','CLIENTS' TO F.CLIENTS ELSE
         CALL OPEN.ABORT('CLIENTS','FB.UPS.CALL.REPORT')
      END
      OPEN '','UPS.SCHED' TO F.SCHED ELSE
         CALL OPEN.ABORT('UPS.SCHED','FB.UPS.CALL.REPORT')
      END
      
      CRT @(-1)

      CLIENT.OPT='ALL'
      REPORT.OUT=''
      HDG.LINE=''
      HCNT = 1
      HDG.LINE<1,HCNT>='Client#'                          ; HCNT += 1
      HDG.LINE<1,HCNT>='Client Name'                      ; HCNT += 1
      HDG.LINE<1,HCNT>='Client Pay Type'                  ; HCNT += 1
      HDG.LINE<1,HCNT>='Contact Phone'                    ; HCNT += 1
      HDG.LINE<1,HCNT>='Contact Person'                   ; HCNT += 1
      HDG.LINE<1,HCNT>='Pro#'                             ; HCNT += 1
**      HDG.LINE<1,HCNT>='Amount'                           ; HCNT += 1
      HDG.LINE<1,HCNT>='Actual Charges'                   ; HCNT += 1
      HDG.LINE<1,HCNT>='LPF Amount'                       ; HCNT += 1
      HDG.LINE<1,HCNT>='UPS Inv Date'                     ; HCNT += 1
      HDG.LINE<1,HCNT>='UPS Due Date'                     ; HCNT += 1
      HDG.LINE<1,HCNT>='AFS Inv Date'                     ; HCNT += 1
      HDG.LINE<1,HCNT>='Check Deadline Date'              ; HCNT += 1
      HDG.LINE<1,HCNT>='DDS/ACH Deadline Date'            ; HCNT += 1
      HDG.LINE<1,HCNT>='Wire Deadline Date'               ; HCNT += 1
      HDG.LINE<1,HCNT>='Rcpt Date'                        ; HCNT += 1
      HDG.LINE<1,HCNT>='Rcpt Method'                      ; HCNT += 1
      HDG.LINE<1,HCNT>='Client Days'                      ; HCNT += 1
      HDG.LINE<1,HCNT>='AFS Sched Date'                   ; HCNT += 1
      HDG.LINE<1,HCNT>='AFS Payment Date'                 ; HCNT += 1
      HDG.LINE<1,HCNT>='Pymt Deadline Date'               ; HCNT += 1
**      HDG.LINE<1,HCNT>='AFS Days'                         ; HCNT += 1
      HDG.LINE<1,HCNT>='Days B/F Deadline'                ; HCNT += 1
      HDG.LINE<1,HCNT>='Pymt Clear Date'                  ; HCNT += 1
      HDG.LINE<1,HCNT>='EBILL/Paper'                      ; HCNT += 1
      REPORT.OUT<1>=HDG.LINE
      SCHED.EOF=0
      SCHED.CNT=0
      SCHED.PER=''

***      O.CUTOFF.DATE = "07/25/10"
      O.CUTOFF.DATE = "01/01/10"

      SCHED.STMT='SSELECT UPS.SCHED BY UPS.INV BY UPS.DUE'

      SCHED.STMT := \ WITH UPS.INV GE "\ : O.CUTOFF.DATE : \"\

      IF CLIENT.OPT#'ALL' THEN
***         SCHED.STMT:=' WITH CLIENT# = "':CLIENT.OPT:'"'
         SCHED.STMT:=' AND WITH CLIENT# = "':CLIENT.OPT:'"'
      END
      EXECUTE SCHED.STMT RTNLIST SCHED.LIST CAPTURING SCHED.STMT.RESULTS
      SCHED.TCNT=@SELECTED
      LOOP
         READNEXT SCHED.ID FROM SCHED.LIST ELSE SCHED.EOF=1
      UNTIL SCHED.EOF DO
         SCHED.CNT+=1
         CALL PROG.BAR(20,SCHED.CNT,SCHED.TCNT,SCHED.PER)
         READ SCHED.REC FROM F.SCHED,SCHED.ID THEN
            CLIENT.ID=''
            CLIENT.NAME=''
            CLIENT.PYMT.DESC=''
            CLIENT.PHONE=''
            PRO=''
            BILL.AMT=''
            UPS.INV.DT=''
            UPS.DUE.DT=''
            AFS.INV.DT=''
            RCPT.DL.DT=''
            CHECK.DL.DT=''
            DDS.DL.DT=''
            WIRE.DL.DT=''
            CLI.RCPT.DT=''
            CLI.DAYS=''
            AFS.SCHED.DT=''
            AFS.PYMT.DT=''
            PYMT.DL.DT=''
            AFS.DAYS=''
            AFS.CLR.DT=''
            CLIENT.ID=FIELD(SCHED.ID,'*',1)
            READ CLIENT.REC FROM F.CLIENTS,CLIENT.ID ELSE CLIENT.REC=''
            OPEN '','FB.BILLS.HIST,':CLIENT.ID TO F.BILLS THEN
               CLIENT.NAME=CLIENT.REC<2>
               CLIENT.PYMT.TYPE=CLIENT.REC<152>
               BEGIN CASE
                  CASE CLIENT.PYMT.TYPE='W'
                     CLIENT.PYMT.DESC='Wire'
                  CASE CLIENT.PYMT.TYPE='D'
                     CLIENT.PYMT.DESC='DDS/ACH'
                  CASE CLIENT.PYMT.TYPE='C'
                     CLIENT.PYMT.DESC='Check'
               END CASE
               CLIENT.PHONE=CLIENT.REC<31>
               CLIENT.CONTACT=CLIENT.REC<44>
               BILL.ID=OCONV(SCHED.ID,'G1*3')
               READ BILL.REC FROM F.BILLS,BILL.ID ELSE BILL.REC=''
               PRO=FIELD(SCHED.ID,'*',3)
               IF BILL.REC<8>+0=0 THEN GO NEXT.SCHED
               BILL.PMT.METH = BILL.REC<216>
               BILL.PYMT.DESC=''
               BEGIN CASE
                  CASE BILL.PMT.METH='W'
                     BILL.PYMT.DESC='Wire'
                  CASE BILL.PMT.METH='D'
                     BILL.PYMT.DESC='DDS/ACH'
                  CASE BILL.PMT.METH='C'
                     BILL.PYMT.DESC='Check'
               END CASE
               EBILL.PAPER = "PAPER"
               IF BILL.REC<53>[1,5] = "EBILL" THEN EBILL.PAPER = "EBILL"
***               BILL.AMT=BILL.REC<8>'R26,'
               BILL.AMT=BILL.REC<8>
               LPF.AMT=BILL.REC<148>
               IF SCHED.REC<2,1>#'' THEN
                  UPS.INV.DT=SCHED.REC<2,1>
               END ELSE
                  UPS.INV.DT=ICONV(SCHED.ID[20,2]:'/':SCHED.ID[22,2]:'/':SCHED.ID[24,2],'D')
               END
               IF SCHED.REC<2,2>#'' THEN
                  UPS.DUE.DT=SCHED.REC<2,2>
               END ELSE
                  UPS.DUE.DT=UPS.INV.DT+11
               END
               WIRE.DL.DT=UPS.DUE.DT+8
               IF CLIENT.PYMT.TYPE='W' THEN
                  RCPT.DL.DT=WIRE.DL.DT
               END
               DDS.DL.DT=UPS.DUE.DT+6
               IF CLIENT.PYMT.TYPE='D' THEN
                  RCPT.DL.DT=DDS.DL.DT
               END
               CHECK.DL.DT=UPS.DUE.DT+2
               IF CLIENT.PYMT.TYPE='C' THEN
                  RCPT.DL.DT=CHECK.DL.DT
               END
               PYMT.DL.DT=UPS.DUE.DT+12
               IF SCHED.REC<2,3>#'' THEN
                  AFS.INV.DT=SCHED.REC<2,3>
               END
               IF SCHED.REC<2,4>#'' THEN
                  CLI.RCPT.DT=SCHED.REC<2,4>
                  CLI.DAYS=RCPT.DL.DT-CLI.RCPT.DT
               END ELSE
                  CLI.DAYS=RCPT.DL.DT-DATE()
               END
               IF SCHED.REC<2,5>#'' THEN
                  AFS.SCHED.DT=SCHED.REC<2,5>
               END
               IF SCHED.REC<2,6>#'' THEN
                  AFS.PYMT.DT=SCHED.REC<2,6>
                  AFS.DAYS=PYMT.DL.DT-AFS.PYMT.DT
               END ELSE
                  AFS.DAYS=PYMT.DL.DT-DATE()
               END
               IF SCHED.REC<2,7>#'' THEN
                  AFS.CLR.DT=SCHED.REC<2,7>
               END
               DCNT = 1
               DTL.LINE=''
               DTL.LINE<1,DCNT>=CLIENT.ID                        ; DCNT += 1
               DTL.LINE<1,DCNT>=CLIENT.NAME                      ; DCNT += 1
               DTL.LINE<1,DCNT>=CLIENT.PYMT.DESC                 ; DCNT += 1
               DTL.LINE<1,DCNT>=CLIENT.PHONE' (###) ###-####'    ; DCNT += 1
               DTL.LINE<1,DCNT>=CLIENT.CONTACT                   ; DCNT += 1
               DTL.LINE<1,DCNT>=PRO                              ; DCNT += 1
               DTL.LINE<1,DCNT>=BILL.AMT'R26'                    ; DCNT += 1
               DTL.LINE<1,DCNT>=LPF.AMT'R26'                     ; DCNT += 1
               DTL.LINE<1,DCNT>=UPS.INV.DT'D4/'                  ; DCNT += 1
               DTL.LINE<1,DCNT>=UPS.DUE.DT'D4/'                  ; DCNT += 1
               DTL.LINE<1,DCNT>=AFS.INV.DT'D4/'                  ; DCNT += 1
               DTL.LINE<1,DCNT>=CHECK.DL.DT'D4/'                 ; DCNT += 1
               DTL.LINE<1,DCNT>=DDS.DL.DT'D4/'                   ; DCNT += 1
               DTL.LINE<1,DCNT>=WIRE.DL.DT'D4/'                  ; DCNT += 1
               DTL.LINE<1,DCNT>=CLI.RCPT.DT'D4/'                 ; DCNT += 1
               DTL.LINE<1,DCNT>=BILL.PYMT.DESC                   ; DCNT += 1
               DTL.LINE<1,DCNT>=CLI.DAYS'R0'                     ; DCNT += 1
               DTL.LINE<1,DCNT>=AFS.SCHED.DT'D4/'                ; DCNT += 1
               DTL.LINE<1,DCNT>=AFS.PYMT.DT'D4/'                 ; DCNT += 1
               DTL.LINE<1,DCNT>=PYMT.DL.DT'D4/'                  ; DCNT += 1
               DTL.LINE<1,DCNT>=AFS.DAYS'R0'                     ; DCNT += 1
               DTL.LINE<1,DCNT>=AFS.CLR.DT'D4/'                  ; DCNT += 1
               DTL.LINE<1,DCNT>=EBILL.PAPER                      ; DCNT += 1
               REPORT.OUT<-1>=DTL.LINE
            END
         END
NEXT.SCHED: *
      REPEAT
      CONVERT @VM TO CHAR(9) IN REPORT.OUT
      WRITE REPORT.OUT ON F.BILLDATA,'UPS.CALL.REPORT.XLS'

