      SUBROUTINE UPDATE.FB.SUMMARY(VIN,VOUT,BILL.REC,F.FB.SUMM)
      CLIENT.ID=VIN<1>
 UPL.VIN = 'FBBP' ;  UPL.VIN<2> = 'UPDATE.FB.SUMMARY' ; UPL.VOUT = ''                    ;* NPR_UPL 04/23/2010
 CALL UPD.PROGRAM.LOG(UPL.VIN,UPL.VOUT)                                                           ;* NPR_UPL 04/23/2010
      PRO.ID=VIN<2>
      ACTION=VIN<3>
      VERSION.NUMBER=FIELD(PRO.ID,'*',3)
      IF VERSION.NUMBER+0#0 THEN RETURN
      BEGIN CASE
         CASE CLIENT.ID='10356'
            
            CARRIER.ID=FIELD(PRO.ID,'*',1)
            BILL.MODE=BILL.REC<21>
            DIVISION=BILL.REC<9>
            IOT=BILL.REC<2>
            PROC.DT=BILL.REC<37>
            BILL.WT=BILL.REC<6>
            BILL.CHG=BILL.REC<8>
            
            SUMM.ID=DIVISION:'*':BILL.MODE:'*':CARRIER.ID:'*':IOT:'*':PROC.DT
            READU SUMM.REC FROM F.FB.SUMM,SUMM.ID ELSE
               SUMM.REC=''
               SUMM.REC<1>=0
               SUMM.REC<2>=0
               SUMM.REC<3>=0
            END
            SUMM.ORG=SUMM.REC
            BEGIN CASE
               CASE ACTION='A'
                  SUMM.REC<1>+=1
                  SUMM.REC<2>+=BILL.WT
                  SUMM.REC<3>+=BILL.CHG
               CASE ACTION='D'
                  SUMM.REC<1>-=1
                  SUMM.REC<2>-=BILL.WT
                  SUMM.REC<3>-=BILL.CHG
            END CASE
            IF SUMM.REC#SUMM.ORG THEN
               IF SUMM.REC<1>=0 THEN
                  DELETE F.FB.SUMM,SUMM.ID
               END ELSE
                  WRITE SUMM.REC ON F.FB.SUMM,SUMM.ID
               END
            END
            RELEASE F.FB.SUMM,SUMM.ID
      END CASE
      RETURN
      END
